/* BEM support Func
 -------------------------- */
/* Element Chalk Variables */
/* Transition
-------------------------- */
/* Color
-------------------------- */
/* 53a8ff */
/* 66b1ff */
/* 79bbff */
/* 8cc5ff */
/* a0cfff */
/* b3d8ff */
/* c6e2ff */
/* d9ecff */
/* ecf5ff */
/* Link
-------------------------- */
/* Border
-------------------------- */
/* Fill
-------------------------- */
/* Typography
-------------------------- */
/* Size
-------------------------- */
/* z-index
-------------------------- */
/* Disable base
-------------------------- */
/* Icon
-------------------------- */
/* Checkbox
-------------------------- */
/* Radio
-------------------------- */
/* Select
-------------------------- */
/* Alert
-------------------------- */
/* MessageBox
-------------------------- */
/* Message
-------------------------- */
/* Notification
-------------------------- */
/* Input
-------------------------- */
/* Cascader
-------------------------- */
/* Group
-------------------------- */
/* Tab
-------------------------- */
/* Button
-------------------------- */
/* cascader
-------------------------- */
/* Switch
-------------------------- */
/* Dialog
-------------------------- */
/* Table
-------------------------- */
/* Pagination
-------------------------- */
/* Popup
-------------------------- */
/* Popover
-------------------------- */
/* Tooltip
-------------------------- */
/* Tag
-------------------------- */
/* Tree
-------------------------- */
/* Dropdown
-------------------------- */
/* Badge
-------------------------- */
/* Card
-------------------------- */
/* Slider
-------------------------- */
/* Steps
-------------------------- */
/* Menu
-------------------------- */
/* Rate
-------------------------- */
/* DatePicker
-------------------------- */
/* Loading
-------------------------- */
/* Scrollbar
-------------------------- */
/* Carousel
-------------------------- */
/* Collapse
-------------------------- */
/* Transfer
-------------------------- */
/* Header
  -------------------------- */
/* Footer
-------------------------- */
/* Main
-------------------------- */
/* Timeline
-------------------------- */
/* Backtop
-------------------------- */
/* Link
-------------------------- */
/* Calendar
-------------------------- */
/* Form
-------------------------- */
/* Avatar
-------------------------- */
/* Empty
-------------------------- */
/* Descriptions
-------------------------- */
/* Skeleton
-------------------------- */
/* Svg
--------------- */
/* Result
-------------------------- */
/* Break-point
-------------------------- */
/* Break-points
 -------------------------- */
/* Scrollbar
 -------------------------- */
/* Placeholder
 -------------------------- */
/* BEM
 -------------------------- */
.el-empty {
  -webkit-box-sizing: border-box;
  box-sizing: border-box;
  display: -webkit-box;
  display: -ms-flexbox;
  display: flex;
  -webkit-box-orient: vertical;
  -webkit-box-direction: normal;
  -ms-flex-direction: column;
  flex-direction: column;
  -webkit-box-align: center;
  -ms-flex-align: center;
  align-items: center;
  -webkit-box-pack: center;
  -ms-flex-pack: center;
  justify-content: center;
  padding: 40px 0;
  text-align: center;
}
.el-empty__image {
  width: 160px;
}
.el-empty__image img {
  width: 100%;
  height: 100%;
  vertical-align: top;
  -webkit-user-select: none;
  -moz-user-select: none;
  -ms-user-select: none;
  user-select: none;
  -o-object-fit: contain;
  object-fit: contain;
}
.el-empty__image svg {
  width: 100%;
  height: 100%;
  vertical-align: top;
  fill: #dcdde0;
}

.el-empty__description {
  margin-top: 20px;
}
.el-empty__description p {
  margin: 0;
  font-size: 14px;
  color: #909399;
}

.el-empty__bottom {
  margin-top: 20px;
}
