/* BEM support Func
 -------------------------- */
/* Element Chalk Variables */
/* Transition
-------------------------- */
/* Color
-------------------------- */
/* 53a8ff */
/* 66b1ff */
/* 79bbff */
/* 8cc5ff */
/* a0cfff */
/* b3d8ff */
/* c6e2ff */
/* d9ecff */
/* ecf5ff */
/* Link
-------------------------- */
/* Border
-------------------------- */
/* Fill
-------------------------- */
/* Typography
-------------------------- */
/* Size
-------------------------- */
/* z-index
-------------------------- */
/* Disable base
-------------------------- */
/* Icon
-------------------------- */
/* Checkbox
-------------------------- */
/* Radio
-------------------------- */
/* Select
-------------------------- */
/* Alert
-------------------------- */
/* MessageBox
-------------------------- */
/* Message
-------------------------- */
/* Notification
-------------------------- */
/* Input
-------------------------- */
/* Cascader
-------------------------- */
/* Group
-------------------------- */
/* Tab
-------------------------- */
/* Button
-------------------------- */
/* cascader
-------------------------- */
/* Switch
-------------------------- */
/* Dialog
-------------------------- */
/* Table
-------------------------- */
/* Pagination
-------------------------- */
/* Popup
-------------------------- */
/* Popover
-------------------------- */
/* Tooltip
-------------------------- */
/* Tag
-------------------------- */
/* Tree
-------------------------- */
/* Dropdown
-------------------------- */
/* Badge
-------------------------- */
/* Card
-------------------------- */
/* Slider
-------------------------- */
/* Steps
-------------------------- */
/* Menu
-------------------------- */
/* Rate
-------------------------- */
/* DatePicker
-------------------------- */
/* Loading
-------------------------- */
/* Scrollbar
-------------------------- */
/* Carousel
-------------------------- */
/* Collapse
-------------------------- */
/* Transfer
-------------------------- */
/* Header
  -------------------------- */
/* Footer
-------------------------- */
/* Main
-------------------------- */
/* Timeline
-------------------------- */
/* Backtop
-------------------------- */
/* Link
-------------------------- */
/* Calendar
-------------------------- */
/* Form
-------------------------- */
/* Avatar
-------------------------- */
/* Empty
-------------------------- */
/* Descriptions
-------------------------- */
/* Skeleton
-------------------------- */
/* Svg
--------------- */
/* Result
-------------------------- */
/* Break-point
-------------------------- */
/* Break-points
 -------------------------- */
/* Scrollbar
 -------------------------- */
/* Placeholder
 -------------------------- */
/* BEM
 -------------------------- */
.el-tag {
  color: #409eff;
  background-color: rgb(235.9, 245.3, 255);
  border-color: rgb(216.8, 235.6, 255);
}
.el-tag.is-hit {
  border-color: #409eff;
}

.el-tag .el-tag__close {
  color: #409eff;
}
.el-tag .el-tag__close:hover {
  color: #fff;
  background-color: #409eff;
}
.el-tag.el-tag--info {
  color: #909399;
  background-color: rgb(243.9, 244.2, 244.8);
  border-color: rgb(232.8, 233.4, 234.6);
}
.el-tag.el-tag--info.is-hit {
  border-color: #909399;
}

.el-tag.el-tag--info .el-tag__close {
  color: #909399;
}
.el-tag.el-tag--info .el-tag__close:hover {
  color: #fff;
  background-color: #909399;
}
.el-tag.el-tag--success {
  color: #67c23a;
  background-color: rgb(239.8, 248.9, 235.3);
  border-color: rgb(224.6, 242.8, 215.6);
}
.el-tag.el-tag--success.is-hit {
  border-color: #67c23a;
}

.el-tag.el-tag--success .el-tag__close {
  color: #67c23a;
}
.el-tag.el-tag--success .el-tag__close:hover {
  color: #fff;
  background-color: #67c23a;
}
.el-tag.el-tag--warning {
  color: #e6a23c;
  background-color: rgb(252.5, 245.7, 235.5);
  border-color: rgb(250, 236.4, 216);
}
.el-tag.el-tag--warning.is-hit {
  border-color: #e6a23c;
}

.el-tag.el-tag--warning .el-tag__close {
  color: #e6a23c;
}
.el-tag.el-tag--warning .el-tag__close:hover {
  color: #fff;
  background-color: #e6a23c;
}
.el-tag.el-tag--danger {
  color: #f56c6c;
  background-color: rgb(254, 240.3, 240.3);
  border-color: rgb(253, 225.6, 225.6);
}
.el-tag.el-tag--danger.is-hit {
  border-color: #f56c6c;
}

.el-tag.el-tag--danger .el-tag__close {
  color: #f56c6c;
}
.el-tag.el-tag--danger .el-tag__close:hover {
  color: #fff;
  background-color: #f56c6c;
}
.el-tag {
  -webkit-box-sizing: border-box;
  box-sizing: border-box;
  display: inline-block;
  height: 32px;
  padding: 0 10px;
  font-size: 12px;
  line-height: 30px;
  color: #409eff;
  white-space: nowrap;
  border-style: solid;
  border-width: 1px;
  border-radius: 4px;
}
.el-tag .el-icon-close {
  position: relative;
  top: -1px;
  right: -5px;
  width: 16px;
  height: 16px;
  font-size: 12px;
  line-height: 16px;
  vertical-align: middle;
  text-align: center;
  cursor: pointer;
  border-radius: 50%;
}
.el-tag .el-icon-close::before {
  display: block;
}
.el-tag--dark {
  color: white;
  background-color: #409eff;
  border-color: #409eff;
}
.el-tag--dark.is-hit {
  border-color: #409eff;
}

.el-tag--dark .el-tag__close {
  color: white;
}
.el-tag--dark .el-tag__close:hover {
  color: #fff;
  background-color: rgb(102.2, 177.4, 255);
}
.el-tag--dark.el-tag--info {
  color: white;
  background-color: #909399;
  border-color: #909399;
}
.el-tag--dark.el-tag--info.is-hit {
  border-color: #909399;
}

.el-tag--dark.el-tag--info .el-tag__close {
  color: white;
}
.el-tag--dark.el-tag--info .el-tag__close:hover {
  color: #fff;
  background-color: rgb(166.2, 168.6, 173.4);
}
.el-tag--dark.el-tag--success {
  color: white;
  background-color: #67c23a;
  border-color: #67c23a;
}
.el-tag--dark.el-tag--success.is-hit {
  border-color: #67c23a;
}

.el-tag--dark.el-tag--success .el-tag__close {
  color: white;
}
.el-tag--dark.el-tag--success .el-tag__close:hover {
  color: #fff;
  background-color: rgb(133.4, 206.2, 97.4);
}
.el-tag--dark.el-tag--warning {
  color: white;
  background-color: #e6a23c;
  border-color: #e6a23c;
}
.el-tag--dark.el-tag--warning.is-hit {
  border-color: #e6a23c;
}

.el-tag--dark.el-tag--warning .el-tag__close {
  color: white;
}
.el-tag--dark.el-tag--warning .el-tag__close:hover {
  color: #fff;
  background-color: rgb(235, 180.6, 99);
}
.el-tag--dark.el-tag--danger {
  color: white;
  background-color: #f56c6c;
  border-color: #f56c6c;
}
.el-tag--dark.el-tag--danger.is-hit {
  border-color: #f56c6c;
}

.el-tag--dark.el-tag--danger .el-tag__close {
  color: white;
}
.el-tag--dark.el-tag--danger .el-tag__close:hover {
  color: #fff;
  background-color: rgb(247, 137.4, 137.4);
}

.el-tag--plain {
  color: #409eff;
  background-color: white;
  border-color: rgb(178.6, 216.2, 255);
}
.el-tag--plain.is-hit {
  border-color: #409eff;
}

.el-tag--plain .el-tag__close {
  color: #409eff;
}
.el-tag--plain .el-tag__close:hover {
  color: #fff;
  background-color: #409eff;
}
.el-tag--plain.el-tag--info {
  color: #909399;
  background-color: white;
  border-color: rgb(210.6, 211.8, 214.2);
}
.el-tag--plain.el-tag--info.is-hit {
  border-color: #909399;
}

.el-tag--plain.el-tag--info .el-tag__close {
  color: #909399;
}
.el-tag--plain.el-tag--info .el-tag__close:hover {
  color: #fff;
  background-color: #909399;
}
.el-tag--plain.el-tag--success {
  color: #67c23a;
  background-color: white;
  border-color: rgb(194.2, 230.6, 176.2);
}
.el-tag--plain.el-tag--success.is-hit {
  border-color: #67c23a;
}

.el-tag--plain.el-tag--success .el-tag__close {
  color: #67c23a;
}
.el-tag--plain.el-tag--success .el-tag__close:hover {
  color: #fff;
  background-color: #67c23a;
}
.el-tag--plain.el-tag--warning {
  color: #e6a23c;
  background-color: white;
  border-color: rgb(245, 217.8, 177);
}
.el-tag--plain.el-tag--warning.is-hit {
  border-color: #e6a23c;
}

.el-tag--plain.el-tag--warning .el-tag__close {
  color: #e6a23c;
}
.el-tag--plain.el-tag--warning .el-tag__close:hover {
  color: #fff;
  background-color: #e6a23c;
}
.el-tag--plain.el-tag--danger {
  color: #f56c6c;
  background-color: white;
  border-color: rgb(251, 196.2, 196.2);
}
.el-tag--plain.el-tag--danger.is-hit {
  border-color: #f56c6c;
}

.el-tag--plain.el-tag--danger .el-tag__close {
  color: #f56c6c;
}
.el-tag--plain.el-tag--danger .el-tag__close:hover {
  color: #fff;
  background-color: #f56c6c;
}

.el-tag--medium {
  height: 28px;
  line-height: 26px;
}
.el-tag--medium .el-icon-close {
  -webkit-transform: scale(0.8);
  transform: scale(0.8);
}

.el-tag--small {
  height: 24px;
  padding: 0 8px;
  line-height: 22px;
}
.el-tag--small .el-icon-close {
  -webkit-transform: scale(0.8);
  transform: scale(0.8);
}

.el-tag--mini {
  height: 20px;
  padding: 0 5px;
  line-height: 19px;
}
.el-tag--mini .el-icon-close {
  margin-left: -3px;
  -webkit-transform: scale(0.7);
  transform: scale(0.7);
}
